         U __aeabi_atexit@@CXXABI_ARM_1.3.3
         U __aeabi_unwind_cpp_pr0@@GCC_3.5
00010ba4 B __bss_end__
00010b10 B __bss_start
00010b10 B __bss_start__
00010b08 D __data_start
00008850 t __do_global_dtors_aux
0001099c t __do_global_dtors_aux_fini_array_entry
00010b0c D __dso_handle
00010ba4 B __end__
00010994 t __frame_dummy_init_array_entry
00008990 r __FRAME_END__
         w __gmon_start__
0001099c t __init_array_end
00010994 t __init_array_start
000109a0 d __JCR_END__
000109a0 d __JCR_LIST__
00008958 T __libc_csu_fini
00008914 T __libc_csu_init
         U __libc_start_main@@GLIBC_2.4
00010b10 D __TMC_END__
00010ba4 B _bss_end__
000109a4 d _DYNAMIC
00010b10 D _edata
00010ba4 B _end
0000895c T _fini
00008904 t _GLOBAL__sub_I_main
00010ad4 d _GLOBAL_OFFSET_TABLE_
00008720 T _init
00008964 R _IO_stdin_used
         w _ITM_deregisterTMCloneTable
         w _ITM_registerTMCloneTable
         w _Jv_RegisterClasses
000087b0 T _start
000088b8 t _Z41__static_initialization_and_destruction_0ii
         U _ZNSolsEPFRSoS_E@@GLIBCXX_3.4
         U _ZNSt8ios_base4InitC1Ev@@GLIBCXX_3.4
         U _ZNSt8ios_base4InitD1Ev@@GLIBCXX_3.4
00010b10 B _ZSt4cout@@GLIBCXX_3.4
         U _ZSt4endlIcSt11char_traitsIcEERSt13basic_ostreamIT_T0_ES6_@@GLIBCXX_3.4
00010ba0 b _ZStL8__ioinit
         U _ZStlsISt11char_traitsIcEERSt13basic_ostreamIcT_ES5_PKc@@GLIBCXX_3.4
         U abort@@GLIBC_2.4
000087e8 t call_gmon_start
00010b9c b completed.8612
00010b08 W data_start
00008800 t deregister_tm_clones
00008868 t frame_dummy
00008888 T main
00008824 t register_tm_clones
